This is a test file created by the agentic AI system.